05/16/2019 01:13:07 PM - __init__ - INFO: Element found with locator: /html/body/main/section[4]/div/div[3]/div/div[1]/h3/span and locatorType: xpath
05/16/2019 01:13:07 PM - __init__ - INFO: Element found with locator: /html/body/main/section[4]/div/div[3]/div/div[1]/h3/span and locatorType: xpath
05/16/2019 01:13:07 PM - __init__ - INFO: Element found with locator: /html/body/main/section[4]/div/div[3]/div/div[1]/h3/span and locatorType: xpath
05/16/2019 01:13:07 PM - __init__ - INFO: Page Open Successfully
05/16/2019 01:13:07 PM - __init__ - INFO: Page Open Successfully
05/16/2019 01:13:07 PM - __init__ - INFO: Page Open Successfully
05/16/2019 01:13:07 PM - __init__ - INFO: Element found with locator: //label[@for='national'] and locatorType: xpath
05/16/2019 01:13:07 PM - __init__ - INFO: Element found with locator: //label[@for='national'] and locatorType: xpath
05/16/2019 01:13:07 PM - __init__ - INFO: Element found with locator: //label[@for='national'] and locatorType: xpath
05/16/2019 01:13:12 PM - __init__ - INFO: Element found with locator: //a[@id='desktop-language-change_ar'] and locatorType: xpath
05/16/2019 01:13:12 PM - __init__ - INFO: Element found with locator: //a[@id='desktop-language-change_ar'] and locatorType: xpath
05/16/2019 01:13:12 PM - __init__ - INFO: Element found with locator: //a[@id='desktop-language-change_ar'] and locatorType: xpath
05/16/2019 01:13:32 PM - __init__ - INFO: Element found with locator: /html/body/main/section[4]/div/div[3]/div/div[4]/div[18]/div/div[4]/div[7]/button[1] and locatorType: xpath
05/16/2019 01:13:32 PM - __init__ - INFO: Element found with locator: /html/body/main/section[4]/div/div[3]/div/div[4]/div[18]/div/div[4]/div[7]/button[1] and locatorType: xpath
05/16/2019 01:13:32 PM - __init__ - INFO: Element found with locator: /html/body/main/section[4]/div/div[3]/div/div[4]/div[18]/div/div[4]/div[7]/button[1] and locatorType: xpath
05/16/2019 01:13:34 PM - __init__ - INFO: Element found with locator: //div[@id='important-to-know']//div[@class='plans-landing--popup-title'] and locatorType: xpath
05/16/2019 01:13:34 PM - __init__ - INFO: Element found with locator: //div[@id='important-to-know']//div[@class='plans-landing--popup-title'] and locatorType: xpath
05/16/2019 01:13:34 PM - __init__ - INFO: Element found with locator: //div[@id='important-to-know']//div[@class='plans-landing--popup-title'] and locatorType: xpath
05/16/2019 01:13:34 PM - __init__ - INFO: Showing Important Info Successfully
05/16/2019 01:13:34 PM - __init__ - INFO: Showing Important Info Successfully
05/16/2019 01:13:34 PM - __init__ - INFO: Showing Important Info Successfully
